// Jest Snapshot v1, https://goo.gl/fbAQLP

exports[`parser spec with fenced code block 1`] = `
"<!DOCTYPE html><style>undefined</style><html><head><title>Markdown</title></head><body><pre><code>function foo(x) {
  return 3
}</code></pre></body></html>"
`;

exports[`parser spec with heading tokens 1`] = `"<!DOCTYPE html><style>undefined</style><html><head><title>Markdown</title></head><body><h1>foo <strong>bar</strong> baz</h1></body></html>"`;

exports[`parser spec with indented code block 1`] = `
"<!DOCTYPE html><style>undefined</style><html><head><title>Markdown</title></head><body><pre><code>a simple
  indented code block</code></pre></body></html>"
`;

exports[`parser spec with paragraphs 1`] = `
"<!DOCTYPE html><style>undefined</style><html><head><title>Markdown</title></head><body><p>foo
bar
baz</p></body></html>"
`;

exports[`parser spec with thematic break 1`] = `"<!DOCTYPE html><style>undefined</style><html><head><title>Markdown</title></head><body><hr/><hr/><hr/></body></html>"`;
