// Jest Snapshot v1, https://goo.gl/fbAQLP

exports[`#compiler .compile().setSource().output() returns a string 1`] = `"<!DOCTYPE html><style>null</style><html><head><title>Markdown</title></head><body><h1>Hello World</h1></body></html>"`;

exports[`#compiler complete chain of methods 1`] = `"<!DOCTYPE html><style>null</style><html><head><title>Markdown</title></head><body><h1>Hello World</h1></body></html>"`;
